---
source: rlox/tests/test.rs
assertion_line: 19
expression: output
---
a is less than 2

