---
source: rlox/tests/test.rs
assertion_line: 19
expression: output
---
123
true
false

