---
source: rlox/tests/test.rs
assertion_line: 19
expression: output
---
Number(1.0)

  × RuntimeError: Cannot return from initializer
   ╭─[6:1]
 6 │ 
 7 │ var a = InvalidRet();
   ·         ────────────
   ╰────


