---
source: rlox/tests/test.rs
assertion_line: 19
expression: output
---
b: 0 a: 1
b: 0 a: 2
b: 1 a: 2
b: 0 a: 3
b: 1 a: 3
b: 2 a: 3
b: 0 a: 4
b: 1 a: 4
b: 2 a: 4
b: 3 a: 4
b: 0 a: 5
b: 1 a: 5
b: 2 a: 5
b: 3 a: 5
b: 4 a: 5
b: 0 a: 6
b: 1 a: 6
b: 2 a: 6
b: 3 a: 6
b: 4 a: 6
b: 5 a: 6
b: 0 a: 7
b: 1 a: 7
b: 2 a: 7
b: 3 a: 7
b: 4 a: 7
b: 5 a: 7
b: 6 a: 7
b: 0 a: 8
b: 1 a: 8
b: 2 a: 8
b: 3 a: 8
b: 4 a: 8
b: 5 a: 8
b: 6 a: 8
b: 7 a: 8
b: 0 a: 9
b: 1 a: 9
b: 2 a: 9
b: 3 a: 9
b: 4 a: 9
b: 5 a: 9
b: 6 a: 9
b: 7 a: 9
b: 8 a: 9
b: 0 a: 10
b: 1 a: 10
b: 2 a: 10
b: 3 a: 10
b: 4 a: 10
b: 5 a: 10
b: 6 a: 10
b: 7 a: 10
b: 8 a: 10
b: 9 a: 10

