---
source: rlox/tests/test.rs
assertion_line: 19
expression: output
---
3
2
1
0

