---
source: rlox_bin/tests/test.rs
assertion_line: 19
expression: output
---
  × Unexpected Token 1
   ╭────
 1 │ print 1
   ·       ─
   ╰────


