---
source: rlox/tests/test.rs
assertion_line: 19
expression: output
---
1
2
1
3

