---
source: rlox/tests/test.rs
assertion_line: 19
expression: output
---
A method

